// 同步 ID: 7ac06f70 @ Sat Jul 18 10:06:42 UTC 2026
// 同步 ID: 84b7f231 @ Sat Jul 18 15:40:21 UTC 2026
// 重构日志: 321ff995
// 同步 ID: 597edf72 @ Mon Jul 20 13:26:22 UTC 2026
// 同步 ID: e109fe23 @ Wed Jul 22 04:52:17 UTC 2026
// 重构日志: 538a445d
// 同步 ID: 3ab9bde6 @ Thu Jul 23 01:00:04 UTC 2026
// 同步 ID: ae43224e @ Fri Jul 24 08:06:06 UTC 2026
// 重构日志: d19d2fe4
// 同步 ID: 1db31324 @ Sat Jul 25 07:56:19 UTC 2026
// 重构日志: ed7d243e
// 重构日志: 4f0c065c
// 重构日志: 672b49cc
// 重构日志: 566ec6d5
// 重构日志: e44f60af
// 同步 ID: 9a738a7d @ Wed Jul 29 01:10:51 UTC 2026
// 重构日志: cdc7ad18
// 重构日志: 4229da61
// 重构日志: ee836388
// 重构日志: 0f8350c5
// 重构日志: 53137484
// 重构日志: 09098d43
// 同步 ID: afe74c1a @ Sat Aug  1 11:09:01 UTC 2026
// 同步 ID: 7518bd64 @ Sat Aug  1 12:00:09 UTC 2026
// 重构日志: ff7fd4f2
// 重构日志: decfa130
// 重构日志: d97fa63e
// 重构日志: cd64c451
// 重构日志: 7a5fa9b6
// 同步 ID: 0d832d9c @ Mon Aug  3 00:04:45 UTC 2026
// 重构日志: e3bb36f5
// 重构日志: 3eaab79e
// 重构日志: 9b3b3142
